// Jest Snapshot v1, https://goo.gl/fbAQLP

exports[`SUPPLIER LIST ITEM COMPONENT renders a Supplier List Item Compoment 1`] = `
<View
  accessibilityComponentType={undefined}
  accessibilityLabel={undefined}
  accessibilityTraits={undefined}
  accessible={true}
  hasTVPreferredFocus={undefined}
  hitSlop={undefined}
  isTVSelectable={true}
  nativeID={undefined}
  onLayout={undefined}
  onResponderGrant={[Function]}
  onResponderMove={[Function]}
  onResponderRelease={[Function]}
  onResponderTerminate={[Function]}
  onResponderTerminationRequest={[Function]}
  onStartShouldSetResponder={[Function]}
  style={
    Array [
      Object {
        "backgroundColor": "transparent",
      },
      undefined,
    ]
  }
  testID={undefined}
  tvParallaxProperties={undefined}
>
  <View
    avatar={true}
    onPress={[Function]}
    style={
      Object {
        "alignItems": "center",
        "backgroundColor": undefined,
        "borderBottomWidth": null,
        "borderColor": "#c9c9c9",
        "flexDirection": "row",
        "marginLeft": 15,
        "paddingBottom": null,
        "paddingRight": null,
        "paddingTop": null,
      }
    }
    virtual={undefined}
  >
    <View
      style={
        Object {
          "alignItems": "flex-start",
          "alignSelf": "center",
          "flex": 0,
          "flexDirection": "row",
        }
      }
      virtual={undefined}
    >
      <Image
        source={
          Object {
            "uri": "https://randomuser.me/api/portraits/thumb/men/84.jpg",
          }
        }
        style={
          Object {
            "borderRadius": 28,
            "height": 50,
            "width": 50,
          }
        }
        virtual={undefined}
      />
    </View>
    <View
      style={
        Object {
          "alignItems": null,
          "alignSelf": null,
          "borderBottomWidth": 0.5,
          "borderColor": "#c9c9c9",
          "flex": 1,
          "marginLeft": 15,
          "paddingBottom": 10,
          "paddingTop": 10,
        }
      }
      virtual={undefined}
    >
      <Text
        accessible={true}
        allowFontScaling={true}
        disabled={false}
        ellipsizeMode="tail"
        style={
          Object {
            "color": "#000",
            "fontFamily": "System",
            "fontSize": 16,
            "marginLeft": null,
            "marginRight": 10,
          }
        }
        virtual={undefined}
      >
        Mason Walker
      </Text>
      <Text
        accessible={true}
        allowFontScaling={true}
        disabled={false}
        ellipsizeMode="tail"
        note={true}
        style={
          Object {
            "color": "#808080",
            "fontFamily": "System",
            "fontSize": 14,
            "fontWeight": "200",
            "marginLeft": null,
            "marginRight": 10,
          }
        }
        virtual={undefined}
      >
        9366 bairds road upper hutt west coast 49293
      </Text>
    </View>
    <View
      style={
        Object {
          "alignItems": "flex-end",
          "alignSelf": "stretch",
          "borderBottomWidth": 0.5,
          "borderColor": "#c9c9c9",
          "flex": 0,
          "paddingBottom": 10,
          "paddingLeft": null,
          "paddingRight": 15,
          "paddingTop": 10,
        }
      }
      virtual={undefined}
    >
      <Text
        accessible={true}
        allowFontScaling={true}
        disabled={false}
        ellipsizeMode="tail"
        note={true}
        style={
          Object {
            "alignSelf": null,
            "color": "#808080",
            "fontFamily": "System",
            "fontSize": 12,
            "fontWeight": "200",
          }
        }
        virtual={undefined}
      >
        (737)-135-2392
      </Text>
    </View>
  </View>
</View>
`;
